static/div2-ack/nat: V
Succ : (succ : nat) -> nat
Zero : nat
ack : (nat, nat) -> nat
succ? : (nat : nat) -> bool
zero? : (nat : nat) -> bool