foo : forall<e> (action : () -> e int) -> e int
main : () -> int