1507231.5, -892769, Sunday, -00586-07-24, -00586-W29-7, -00586-M07-21, -00587-07-30, -00870-12-06, -00594-12-06
mjd : ok: -892769
jd : ok: 1507231.5
greg : ok: -00586-07-24/1507231.5
isoweek : ok: -00586-W29-7/1507231.5
isomonth : ok: -00586-M07-21/1507231.5
julian : ok: -00587-07-30/1507231.5
coptic : ok: -00870-12-06/1507231.5
ethiopian : ok: -00594-12-06/1507231.5
1660037.5, -739963, Wednesday, -00168-12-05, -00168-W49-3, -00168-M12-06, -00169-12-08, -00451-04-12, -00175-04-12
mjd : ok: -739963
jd : ok: 1660037.5
greg : ok: -00168-12-05/1660037.5
isoweek : ok: -00168-W49-3/1660037.5
isomonth : ok: -00168-M12-06/1660037.5
julian : ok: -00169-12-08/1660037.5
coptic : ok: -00451-04-12/1660037.5
ethiopian : ok: -00175-04-12/1660037.5
1746893.5, -653107, Wednesday, 0070-09-24, 0070-W39-3, 0070-M09-27, 0070-09-26, -00213-01-29, 0063-01-29
mjd : ok: -653107
jd : ok: 1746893.5
greg : ok: 0070-09-24/1746893.5
isoweek : ok: 0070-W39-3/1746893.5
isomonth : ok: 0070-M09-27/1746893.5
julian : ok: 0070-09-26/1746893.5
coptic : ok: -00213-01-29/1746893.5
ethiopian : ok: 0063-01-29/1746893.5
1770641.5, -629359, Sunday, 0135-10-02, 0135-W39-7, 0135-M09-31, 0135-10-03, -00148-02-05, 0128-02-05
mjd : ok: -629359
jd : ok: 1770641.5
greg : ok: 0135-10-02/1770641.5
isoweek : ok: 0135-W39-7/1770641.5
isomonth : ok: 0135-M09-31/1770641.5
julian : ok: 0135-10-03/1770641.5
coptic : ok: -00148-02-05/1770641.5
ethiopian : ok: 0128-02-05/1770641.5
1892731.5, -507269, Wednesday, 0470-01-08, 0470-W02-3, 0470-M01-10, 0470-01-07, 0186-05-12, 0462-05-12
mjd : ok: -507269
jd : ok: 1892731.5
greg : ok: 0470-01-08/1892731.5
isoweek : ok: 0470-W02-3/1892731.5
isomonth : ok: 0470-M01-10/1892731.5
julian : ok: 0470-01-07/1892731.5
coptic : ok: 0186-05-12/1892731.5
ethiopian : ok: 0462-05-12/1892731.5
1931579.5, -468421, Monday, 0576-05-20, 0576-W21-1, 0576-M05-20, 0576-05-18, 0292-09-23, 0568-09-23
mjd : ok: -468421
jd : ok: 1931579.5
greg : ok: 0576-05-20/1931579.5
isoweek : ok: 0576-W21-1/1931579.5
isomonth : ok: 0576-M05-20/1931579.5
julian : ok: 0576-05-18/1931579.5
coptic : ok: 0292-09-23/1931579.5
ethiopian : ok: 0568-09-23/1931579.5
1974851.5, -425149, Saturday, 0694-11-10, 0694-W45-6, 0694-M11-11, 0694-11-07, 0411-03-11, 0687-03-11
mjd : ok: -425149
jd : ok: 1974851.5
greg : ok: 0694-11-10/1974851.5
isoweek : ok: 0694-W45-6/1974851.5
isomonth : ok: 0694-M11-11/1974851.5
julian : ok: 0694-11-07/1974851.5
coptic : ok: 0411-03-11/1974851.5
ethiopian : ok: 0687-03-11/1974851.5
2091164.5, -308836, Sunday, 1013-04-25, 1013-W16-7, 1013-M04-21, 1013-04-19, 0729-08-24, 1005-08-24
mjd : ok: -308836
jd : ok: 2091164.5
greg : ok: 1013-04-25/2091164.5
isoweek : ok: 1013-W16-7/2091164.5
isomonth : ok: 1013-M04-21/2091164.5
julian : ok: 1013-04-19/2091164.5
coptic : ok: 0729-08-24/2091164.5
ethiopian : ok: 1005-08-24/2091164.5
2121509.5, -278491, Sunday, 1096-05-24, 1096-W21-7, 1096-M05-26, 1096-05-18, 0812-09-23, 1088-09-23
mjd : ok: -278491
jd : ok: 2121509.5
greg : ok: 1096-05-24/2121509.5
isoweek : ok: 1096-W21-7/2121509.5
isomonth : ok: 1096-M05-26/2121509.5
julian : ok: 1096-05-18/2121509.5
coptic : ok: 0812-09-23/2121509.5
ethiopian : ok: 1088-09-23/2121509.5
2155779.5, -244221, Friday, 1190-03-23, 1190-W12-5, 1190-M03-22, 1190-03-16, 0906-07-20, 1182-07-20
mjd : ok: -244221
jd : ok: 2155779.5
greg : ok: 1190-03-23/2155779.5
isoweek : ok: 1190-W12-5/2155779.5
isomonth : ok: 1190-M03-22/2155779.5
julian : ok: 1190-03-16/2155779.5
coptic : ok: 0906-07-20/2155779.5
ethiopian : ok: 1182-07-20/2155779.5
2174029.5, -225971, Saturday, 1240-03-10, 1240-W10-6, 1240-M03-09, 1240-03-03, 0956-07-07, 1232-07-07
mjd : ok: -225971
jd : ok: 2174029.5
greg : ok: 1240-03-10/2174029.5
isoweek : ok: 1240-W10-6/2174029.5
isomonth : ok: 1240-M03-09/2174029.5
julian : ok: 1240-03-03/2174029.5
coptic : ok: 0956-07-07/2174029.5
ethiopian : ok: 1232-07-07/2174029.5
2191584.5, -208416, Friday, 1288-04-02, 1288-W14-5, 1288-M04-05, 1288-03-26, 1004-07-30, 1280-07-30
mjd : ok: -208416
jd : ok: 2191584.5
greg : ok: 1288-04-02/2191584.5
isoweek : ok: 1288-W14-5/2191584.5
isomonth : ok: 1288-M04-05/2191584.5
julian : ok: 1288-03-26/2191584.5
coptic : ok: 1004-07-30/2191584.5
ethiopian : ok: 1280-07-30/2191584.5
2195261.5, -204739, Sunday, 1298-04-27, 1298-W17-7, 1298-M04-28, 1298-04-20, 1014-08-25, 1290-08-25
mjd : ok: -204739
jd : ok: 2195261.5
greg : ok: 1298-04-27/2195261.5
isoweek : ok: 1298-W17-7/2195261.5
isomonth : ok: 1298-M04-28/2195261.5
julian : ok: 1298-04-20/2195261.5
coptic : ok: 1014-08-25/2195261.5
ethiopian : ok: 1290-08-25/2195261.5
2229274.5, -170726, Sunday, 1391-06-12, 1391-W23-7, 1391-M06-10, 1391-06-04, 1107-10-10, 1383-10-10
mjd : ok: -170726
jd : ok: 2229274.5
greg : ok: 1391-06-12/2229274.5
isoweek : ok: 1391-W23-7/2229274.5
isomonth : ok: 1391-M06-10/2229274.5
julian : ok: 1391-06-04/2229274.5
coptic : ok: 1107-10-10/2229274.5
ethiopian : ok: 1383-10-10/2229274.5
2245580.5, -154420, Wednesday, 1436-02-03, 1436-W05-3, 1436-M02-01, 1436-01-25, 1152-05-29, 1428-05-29
mjd : ok: -154420
jd : ok: 2245580.5
greg : ok: 1436-02-03/2245580.5
isoweek : ok: 1436-W05-3/2245580.5
isomonth : ok: 1436-M02-01/2245580.5
julian : ok: 1436-01-25/2245580.5
coptic : ok: 1152-05-29/2245580.5
ethiopian : ok: 1428-05-29/2245580.5
2266100.5, -133900, Saturday, 1492-04-09, 1492-W14-6, 1492-M04-06, 1492-03-31, 1208-08-05, 1484-08-05
mjd : ok: -133900
jd : ok: 2266100.5
greg : ok: 1492-04-09/2266100.5
isoweek : ok: 1492-W14-6/2266100.5
isomonth : ok: 1492-M04-06/2266100.5
julian : ok: 1492-03-31/2266100.5
coptic : ok: 1208-08-05/2266100.5
ethiopian : ok: 1484-08-05/2266100.5
2288542.5, -111458, Saturday, 1553-09-19, 1553-W38-6, 1553-M09-23, 1553-09-09, 1270-01-12, 1546-01-12
mjd : ok: -111458
jd : ok: 2288542.5
greg : ok: 1553-09-19/2288542.5
isoweek : ok: 1553-W38-6/2288542.5
isomonth : ok: 1553-M09-23/2288542.5
julian : ok: 1553-09-09/2288542.5
coptic : ok: 1270-01-12/2288542.5
ethiopian : ok: 1546-01-12/2288542.5
2290901.5, -109099, Saturday, 1560-03-05, 1560-W09-6, 1560-M03-02, 1560-02-24, 1276-06-29, 1552-06-29
mjd : ok: -109099
jd : ok: 2290901.5
greg : ok: 1560-03-05/2290901.5
isoweek : ok: 1560-W09-6/2290901.5
isomonth : ok: 1560-M03-02/2290901.5
julian : ok: 1560-02-24/2290901.5
coptic : ok: 1276-06-29/2290901.5
ethiopian : ok: 1552-06-29/2290901.5
2323140.5, -76860, Wednesday, 1648-06-10, 1648-W24-3, 1648-M06-13, 1648-05-31, 1364-10-06, 1640-10-06
mjd : ok: -76860
jd : ok: 2323140.5
greg : ok: 1648-06-10/2323140.5
isoweek : ok: 1648-W24-3/2323140.5
isomonth : ok: 1648-M06-13/2323140.5
julian : ok: 1648-05-31/2323140.5
coptic : ok: 1364-10-06/2323140.5
ethiopian : ok: 1640-10-06/2323140.5
2334848.5, -65152, Sunday, 1680-06-30, 1680-W26-7, 1680-M06-31, 1680-06-20, 1396-10-26, 1672-10-26
mjd : ok: -65152
jd : ok: 2334848.5
greg : ok: 1680-06-30/2334848.5
isoweek : ok: 1680-W26-7/2334848.5
isomonth : ok: 1680-M06-31/2334848.5
julian : ok: 1680-06-20/2334848.5
coptic : ok: 1396-10-26/2334848.5
ethiopian : ok: 1672-10-26/2334848.5
2348020.5, -51980, Friday, 1716-07-24, 1716-W30-5, 1716-M07-26, 1716-07-13, 1432-11-19, 1708-11-19
mjd : ok: -51980
jd : ok: 2348020.5
greg : ok: 1716-07-24/2348020.5
isoweek : ok: 1716-W30-5/2348020.5
isomonth : ok: 1716-M07-26/2348020.5
julian : ok: 1716-07-13/2348020.5
coptic : ok: 1432-11-19/2348020.5
ethiopian : ok: 1708-11-19/2348020.5
2366978.5, -33022, Sunday, 1768-06-19, 1768-W24-7, 1768-M06-17, 1768-06-08, 1484-10-14, 1760-10-14
mjd : ok: -33022
jd : ok: 2366978.5
greg : ok: 1768-06-19/2366978.5
isoweek : ok: 1768-W24-7/2366978.5
isomonth : ok: 1768-M06-17/2366978.5
julian : ok: 1768-06-08/2366978.5
coptic : ok: 1484-10-14/2366978.5
ethiopian : ok: 1760-10-14/2366978.5
2385648.5, -14352, Monday, 1819-08-02, 1819-W31-1, 1819-M07-29, 1819-07-21, 1535-11-27, 1811-11-27
mjd : ok: -14352
jd : ok: 2385648.5
greg : ok: 1819-08-02/2385648.5
isoweek : ok: 1819-W31-1/2385648.5
isomonth : ok: 1819-M07-29/2385648.5
julian : ok: 1819-07-21/2385648.5
coptic : ok: 1535-11-27/2385648.5
ethiopian : ok: 1811-11-27/2385648.5
2392825.5, -7175, Wednesday, 1839-03-27, 1839-W13-3, 1839-M03-27, 1839-03-15, 1555-07-19, 1831-07-19
mjd : ok: -7175
jd : ok: 2392825.5
greg : ok: 1839-03-27/2392825.5
isoweek : ok: 1839-W13-3/2392825.5
isomonth : ok: 1839-M03-27/2392825.5
julian : ok: 1839-03-15/2392825.5
coptic : ok: 1555-07-19/2392825.5
ethiopian : ok: 1831-07-19/2392825.5
2416223.5, 16223, Sunday, 1903-04-19, 1903-W16-7, 1903-M04-21, 1903-04-06, 1619-08-11, 1895-08-11
mjd : ok: 16223
jd : ok: 2416223.5
greg : ok: 1903-04-19/2416223.5
isoweek : ok: 1903-W16-7/2416223.5
isomonth : ok: 1903-M04-21/2416223.5
julian : ok: 1903-04-06/2416223.5
coptic : ok: 1619-08-11/2416223.5
ethiopian : ok: 1895-08-11/2416223.5
2425848.5, 25848, Sunday, 1929-08-25, 1929-W34-7, 1929-M08-26, 1929-08-12, 1645-12-19, 1921-12-19
mjd : ok: 25848
jd : ok: 2425848.5
greg : ok: 1929-08-25/2425848.5
isoweek : ok: 1929-W34-7/2425848.5
isomonth : ok: 1929-M08-26/2425848.5
julian : ok: 1929-08-12/2425848.5
coptic : ok: 1645-12-19/2425848.5
ethiopian : ok: 1921-12-19/2425848.5
2430266.5, 30266, Monday, 1941-09-29, 1941-W40-1, 1941-M10-01, 1941-09-16, 1658-01-19, 1934-01-19
mjd : ok: 30266
jd : ok: 2430266.5
greg : ok: 1941-09-29/2430266.5
isoweek : ok: 1941-W40-1/2430266.5
isomonth : ok: 1941-M10-01/2430266.5
julian : ok: 1941-09-16/2430266.5
coptic : ok: 1658-01-19/2430266.5
ethiopian : ok: 1934-01-19/2430266.5
2430833.5, 30833, Monday, 1943-04-19, 1943-W16-1, 1943-M04-15, 1943-04-06, 1659-08-11, 1935-08-11
mjd : ok: 30833
jd : ok: 2430833.5
greg : ok: 1943-04-19/2430833.5
isoweek : ok: 1943-W16-1/2430833.5
isomonth : ok: 1943-M04-15/2430833.5
julian : ok: 1943-04-06/2430833.5
coptic : ok: 1659-08-11/2430833.5
ethiopian : ok: 1935-08-11/2430833.5
2431004.5, 31004, Thursday, 1943-10-07, 1943-W40-4, 1943-M10-04, 1943-09-24, 1660-01-26, 1936-01-26
mjd : ok: 31004
jd : ok: 2431004.5
greg : ok: 1943-10-07/2431004.5
isoweek : ok: 1943-W40-4/2431004.5
isomonth : ok: 1943-M10-04/2431004.5
julian : ok: 1943-09-24/2431004.5
coptic : ok: 1660-01-26/2431004.5
ethiopian : ok: 1936-01-26/2431004.5
2448698.5, 48698, Tuesday, 1992-03-17, 1992-W12-2, 1992-M03-19, 1992-03-04, 1708-07-08, 1984-07-08
mjd : ok: 48698
jd : ok: 2448698.5
greg : ok: 1992-03-17/2448698.5
isoweek : ok: 1992-W12-2/2448698.5
isomonth : ok: 1992-M03-19/2448698.5
julian : ok: 1992-03-04/2448698.5
coptic : ok: 1708-07-08/2448698.5
ethiopian : ok: 1984-07-08/2448698.5
2450138.5, 50138, Sunday, 1996-02-25, 1996-W08-7, 1996-M02-26, 1996-02-12, 1712-06-17, 1988-06-17
mjd : ok: 50138
jd : ok: 2450138.5
greg : ok: 1996-02-25/2450138.5
isoweek : ok: 1996-W08-7/2450138.5
isomonth : ok: 1996-M02-26/2450138.5
julian : ok: 1996-02-12/2450138.5
coptic : ok: 1712-06-17/2450138.5
ethiopian : ok: 1988-06-17/2450138.5
2465737.5, 65737, Wednesday, 2038-11-10, 2038-W45-3, 2038-M11-08, 2038-10-28, 1755-03-01, 2031-03-01
mjd : ok: 65737
jd : ok: 2465737.5
greg : ok: 2038-11-10/2465737.5
isoweek : ok: 2038-W45-3/2465737.5
isomonth : ok: 2038-M11-08/2465737.5
julian : ok: 2038-10-28/2465737.5
coptic : ok: 1755-03-01/2465737.5
ethiopian : ok: 2031-03-01/2465737.5
2486076.5, 86076, Sunday, 2094-07-18, 2094-W28-7, 2094-M07-14, 2094-07-05, 1810-11-11, 2086-11-11
mjd : ok: 86076
jd : ok: 2486076.5
greg : ok: 2094-07-18/2486076.5
isoweek : ok: 2094-W28-7/2486076.5
isomonth : ok: 2094-M07-14/2486076.5
julian : ok: 2094-07-05/2486076.5
coptic : ok: 1810-11-11/2486076.5
ethiopian : ok: 2086-11-11/2486076.5