misc0 : ok: 0x80000000
misc1 : ok: 0x8000000000000000
jd0 : ok: 2451545
jd1 : ok: 2456293.520833333
jd2 : ok: -04713-11-24T12:00:00Z
jd3 : ok: -04713-01-01T12:00:00Z JC
jd4 : ok: 2456658.500405092593
jdleap0 : ok: 57753.999976852119767
jdleap1 : ok: 57753.999987268665872
jdleap2 : ok: 57753.999988426059884
jdleap-tz1 : ok: 57754.083331211444312
jdleap-tz2 : ok: 57754.083332175925926
jdleapx0 : ok: 2016-12-31T23:59:59Z
jdleapx1 : ok: 2016-12-31T23:59:59.900Z
jdleapx2 : ok: 2016-12-31T23:59:60Z
jdleapx3 : ok: 2017-01-01T00:00:00Z
astro2 : ok: 1977-01-01T00:00:00Z TAI
sofa1 : ok: 2010-07-24T11:19:13.502Z TT
sofa2 : ok: 2454526.499998842593
sofa3 : ok: 2008-03-01T00:00:00Z
sofa4utc : ok: 2006-01-15T21:24:37.500Z
sofa4ut1 : ok: 2006-01-15T21:24:37.831700800Z UT1
sofa4tai : ok: 2006-01-15T21:25:10.500Z TAI
sofa4tt : ok: 2006-01-15T21:25:42.684Z TT
sofa4tcg : ok: 2006-01-15T21:25:43.322690496Z TCG
sofa4tdb : ok: 2006-01-15T21:25:42.684373055Z TDB
sofa4tcb : ok: 2006-01-15T21:25:56.893952304Z TCB
skyfield-tt : ok: 2453751.392855138889
skyfield-tdb : ok: 2453751.392855143207
skyfield-tai1 : ok: 2456658.500405092593
skyfield-tt1 : ok: 2456658.500777592593
skyfield-tdb1 : ok: 2456658.500777591821