tz: UTC, cal: , year: 1950...
tz: UTC, cal: , year: 1960...
tz: UTC, cal: , year: 1970...
tz: UTC, cal: , year: 1980...
tz: UTC, cal: , year: 1990...
tz: UTC, cal: , year: 2000...
tz: UTC, cal: , year: 2010...
tz: UTC, cal: , year: 2020...
tz: UTC, cal: , year: 2030...
tz: UTC, cal: , year: 2040...
tz: UTC, cal: , year: 2050...
tz: UTC+1, cal: , year: 1950...
tz: UTC+1, cal: , year: 1960...
tz: UTC+1, cal: , year: 1970...
tz: UTC+1, cal: , year: 1980...
tz: UTC+1, cal: , year: 1990...
tz: UTC+1, cal: , year: 2000...
tz: UTC+1, cal: , year: 2010...
tz: UTC+1, cal: , year: 2020...
tz: UTC+1, cal: , year: 2030...
tz: UTC+1, cal: , year: 2040...
tz: UTC+1, cal: , year: 2050...
tz: , cal: , year: 1950...
tz: , cal: , year: 1960...
tz: , cal: , year: 1970...
tz: , cal: , year: 1980...
tz: , cal: , year: 1990...
tz: , cal: , year: 2000...
tz: , cal: , year: 2010...
tz: , cal: , year: 2020...
tz: , cal: , year: 2030...
tz: , cal: , year: 2040...
tz: , cal: , year: 2050...
tz: UTC-1, cal: JC, year: 1950...
tz: UTC-1, cal: JC, year: 1960...
tz: UTC-1, cal: JC, year: 1970...
tz: UTC-1, cal: JC, year: 1980...
tz: UTC-1, cal: JC, year: 1990...
tz: UTC-1, cal: JC, year: 2000...
tz: UTC-1, cal: JC, year: 2010...
tz: UTC-1, cal: JC, year: 2020...
tz: UTC-1, cal: JC, year: 2030...
tz: UTC-1, cal: JC, year: 2040...
tz: UTC-1, cal: JC, year: 2050...
tz: UTC-1, cal: TAI, year: 1950...
tz: UTC-1, cal: TAI, year: 1960...
tz: UTC-1, cal: TAI, year: 1970...
tz: UTC-1, cal: TAI, year: 1980...
tz: UTC-1, cal: TAI, year: 1990...
tz: UTC-1, cal: TAI, year: 2000...
tz: UTC-1, cal: TAI, year: 2010...
tz: UTC-1, cal: TAI, year: 2020...
tz: UTC-1, cal: TAI, year: 2030...
tz: UTC-1, cal: TAI, year: 2040...
tz: UTC-1, cal: TAI, year: 2050...
tz: UTC+1, cal: GPS, year: 1950...
tz: UTC+1, cal: GPS, year: 1960...
tz: UTC+1, cal: GPS, year: 1970...
tz: UTC+1, cal: GPS, year: 1980...
tz: UTC+1, cal: GPS, year: 1990...
tz: UTC+1, cal: GPS, year: 2000...
tz: UTC+1, cal: GPS, year: 2010...
tz: UTC+1, cal: GPS, year: 2020...
tz: UTC+1, cal: GPS, year: 2030...
tz: UTC+1, cal: GPS, year: 2040...
tz: UTC+1, cal: GPS, year: 2050...