main : () -> <exn,std/async/async,console,ndet> ()