main : () -> <exn,std/async/async,console,ndet> ()
test : () -> <exn,std/async/async,console,ndet> ()