main : () -> <exn,std/async/async,console,file,ndet> ()
test : () -> <exn,std/async/async,console,file,ndet> ()