44
44
compose1 : forall<a,b,c,e> (f : (a) -> e b, g : (c) -> e a) -> ((x : c) -> e b)
compose2 : forall<a,b,c,e> (f : (a) -> e b, g : (c) -> e a) -> ((x : c) -> e b)
main : () -> console ()