[False,True,True,False]
[False,False,True,True,False]
[False,False]
.Eff-amb : forall<a> (.ops-amb<a>) -> operation<a>
.Eff-state : forall<a,b> (.ops-state<b,a>) -> operation<a>
.Op-flip : forall<a> .ops-amb<a>
.Op-get : forall<a,b> .ops-state<a,b>
.Op-set : forall<a,b> (a) -> .ops-state<a,b>
.copy : forall<a> (.ops-amb<a>) -> .ops-amb<a>
.tag-Eff-amb: string
.tag-Eff-state: string
amb_handle : forall<a,e> (action : () -> <amb|e> a) -> e list<a>
flip : () -> amb bool
foo : () -> <amb,state<int>> bool
get : forall<a> () -> (state<a>) a
main : () -> console ()
set : forall<a> (i : a) -> (state<a>) ()
state_handle: forall<a,b,e> (i : a, action : () -> <state<a>|e> b) -> e b
test1 : () -> list<bool>
test2 : () -> list<bool>
test3 : () -> list<bool>
xor : () -> amb bool