negative or zero
.Eff-state : forall<a,b> (.ops-state<b,a>) -> operation<a>
.Op-get : forall<a,b> .ops-state<a,b>
.Op-set : forall<a,b> (a) -> .ops-state<a,b>
.tag-Eff-state: string
get : forall<a> () -> (state<a>) a
main : () -> console ()
set : forall<a> (x : a) -> (state<a>) ()
state : forall<a,b,e> (s : a, action : () -> <state<a>|e> b) -> e b
test : () -> (state<int>) string