[01;30moperator branch (state) get: resume normal
[00;39;49m[00m[01;30moperator branch (state) set: resume normal
[00;39;49m[00mpositive
.Op-get : forall<a> .op-get<a>
.Op-set : forall<a> (x : a) -> .op-set<a>
.Ops-get : forall<a> (get : .op-get<a>) -> .ops-state<a>
.Ops-set : forall<a> (set : .op-set<a>) -> .ops-state<a>
.tag-state : string
get : forall<a> () -> (state<a>) a
main : () -> console ()
set : forall<a> (x : a) -> (state<a>) ()
state : forall<a,b> (action : () -> (state<a>) b) -> ((s : a) -> b)
test : () -> (state<int>) string