negative or zero
.Eff-state : forall<a,b> (.ops-state<b,a>) -> operation<a>
.Op-get : forall<a,b> .ops-state<a,b>
.Op-set : forall<a,b> (a) -> .ops-state<a,b>
.tag-Eff-state: string
fstate : forall<a,e> (action : () -> <state<int>|e> a) -> e a
get : forall<a> () -> (state<a>) a
main : () -> console ()
set : forall<a> (x : a) -> (state<a>) ()
state : forall<a,e> (() -> <state<int>|e> a) -> e a
test : () -> (state<int>) string