failure while running program:
 node out/test/algeff_exn2.js
.Eff-amb : forall<a> (.ops-amb<a>) -> operation<a>
.Eff-state : forall<a,b> (.ops-state<b,a>) -> operation<a>
.Op-flip : forall<a> .ops-amb<a>
.Op-get : forall<a,b> .ops-state<a,b>
.Op-set : forall<a,b> (a) -> .ops-state<a,b>
.copy : forall<a> (.ops-amb<a>) -> .ops-amb<a>
.tag-Eff-amb: string
.tag-Eff-state: string
amb_handle : forall<a,e> (action : () -> <amb|e> a) -> e list<a>
flip : () -> amb bool
foo : () -> <io,amb,state<int>> bool
get : forall<a> () -> (state<a>) a
main : () -> io ()
set : forall<a> (i : a) -> (state<a>) ()
state_handle: forall<a,b,e> (i : a, action : () -> <state<a>|e> b) -> e b
test1 : () -> exn list<bool>
test2 : () -> io list<bool>
test3 : () -> io list<bool>
xor : () -> <amb,exn> bool
.../out/test/std_core.js:
 throw exn;
 ^
std/core/Error: oops