.Eff-choose : forall<a> (.ops-choose<a>) -> operation<a>
.Op-fail : forall<a,b> .ops-choose<a>
.Op-pick : forall<a> (int) -> .ops-choose<a>
.tag-Eff-choose: string
append-safe : (queen : int, xs : solution, xss : solutions) -> div solutions
choose-all : forall<a,e> (action : () -> <choose|e> a) -> e list<a>
extend : (queen : int, acc : solutions, xss : solutions) -> div solutions
fail : forall<a> () -> choose a
find-solution: (n : int, col : int) -> <choose,div> solution
find-solutions: (n : int, i : int) -> div solutions
main : () -> <div,console,ndet> ()
pick : (n : int) -> choose int
queens : (n : int) -> div solutions
queens-choose: (n : int) -> div solutions
safe? : (queen : int, xs : solution, diag : ?int) -> bool
show-solutions: (xss : solutions) -> io ()
test : (n : int) -> <div,console,ndet> ()