[01;30moperator branch (amb) flip: resume scoped
[00;39;49m[00m.Op-flip : .op-flip
.Ops-flip : (flip : .op-flip) -> .ops-amb
.tag-amb : string
amb : forall<a,e> (action : () -> <amb|e> a) -> e list<a>
flip : () -> amb bool
main : () -> <exn,std/async/async,console,ndet> ()
test : () -> <amb,exn,std/async/async,console,ndet> ()