3test/cgen/javascript.kk(84, 3): warning: Some branches in the match will never be reached