1test/cgen/rec4.kk(2,18): warning: xs shadows an earlier local definition or parameter