1test/cgen/rec4a.kk(2,18): warning: xs shadows an earlier local definition or parameter