count: 6, sub3: aña, rev3: aña,
 s: mañana, [0x6D,0x61,0xF1,0x61,0x6E,0x61]
count: 7, sub3: añ, rev3: ña,
 s: mañana, [0x6D,0x61,0x6E,0x303,0x61,0x6E,0x61]
count: 6, sub3: ̣̇x, rev3: ̣̇x,
 s: ẋ̣xyz, [0x78,0x307,0x323,0x78,0x79,0x7A]